sequences: ['box_motion_prod', 'jug_motion_prod', 'jug_tilt_prod', 'teabox_tilt_prod']
/usr/local/lib/python3.10/dist-packages/torch/functional.py:505: UserWarning: torch.meshgrid: in an upcoming release, it will be required to pass the indexing argument. (Triggered internally at /pytorch/aten/src/ATen/native/TensorShape.cpp:4381.)
  return _VF.meshgrid(tensors, **kwargs)  # type: ignore[attr-defined]
/home/ngoncharov/cvpr2026/ReLiFT-6DoF/experiments/qual_lift.py:67: MatplotlibDeprecationWarning: The get_cmap function was deprecated in Matplotlib 3.7 and will be removed in 3.11. Use ``matplotlib.colormaps[name]`` or ``matplotlib.colormaps.get_cmap()`` or ``pyplot.get_cmap()`` instead.
  rgb = (cm.get_cmap("turbo")(norm)[..., :3] * 255).astype(np.uint8)
  box_motion_prod f000  alpha=0.746
  box_motion_prod f001  alpha=0.742
  box_motion_prod f002  alpha=0.772
  box_motion_prod f003  alpha=0.793
  box_motion_prod f004  alpha=0.793
  box_motion_prod f005  alpha=0.794
  box_motion_prod f006  alpha=0.798
  box_motion_prod f007  alpha=0.803
  box_motion_prod f008  alpha=0.807
  box_motion_prod f009  alpha=0.812
  box_motion_prod f010  alpha=0.816
  box_motion_prod f011  alpha=0.822
  box_motion_prod f012  alpha=0.827
  box_motion_prod f013  alpha=0.833
  box_motion_prod f014  alpha=0.838
  box_motion_prod f015  alpha=0.844
  box_motion_prod f016  alpha=0.845
  box_motion_prod f017  alpha=0.845
  box_motion_prod f018  alpha=0.846
  box_motion_prod f019  alpha=0.847
[done] box_motion_prod -> /home/ngoncharov/cvpr2026/ReLiFT-6DoF/eval/qual_lift/box_motion_prod
  jug_motion_prod f000  alpha=0.949
  jug_motion_prod f001  alpha=0.926
  jug_motion_prod f002  alpha=0.935
  jug_motion_prod f003  alpha=0.927
  jug_motion_prod f004  alpha=0.892
  jug_motion_prod f005  alpha=0.849
  jug_motion_prod f006  alpha=0.839
  jug_motion_prod f007  alpha=0.797
  jug_motion_prod f008  alpha=0.748
  jug_motion_prod f009  alpha=0.713
  jug_motion_prod f010  alpha=0.715
  jug_motion_prod f011  alpha=0.716
  jug_motion_prod f012  alpha=0.716
  jug_motion_prod f013  alpha=0.711
  jug_motion_prod f014  alpha=0.704
  jug_motion_prod f015  alpha=0.695
  jug_motion_prod f016  alpha=0.690
  jug_motion_prod f017  alpha=0.678
  jug_motion_prod f018  alpha=0.660
  jug_motion_prod f019  alpha=0.637
[done] jug_motion_prod -> /home/ngoncharov/cvpr2026/ReLiFT-6DoF/eval/qual_lift/jug_motion_prod
  jug_tilt_prod f000  alpha=0.970
  jug_tilt_prod f001  alpha=0.970
  jug_tilt_prod f002  alpha=0.970
  jug_tilt_prod f003  alpha=0.970
  jug_tilt_prod f004  alpha=0.970
  jug_tilt_prod f005  alpha=0.970
  jug_tilt_prod f006  alpha=0.970
  jug_tilt_prod f007  alpha=0.970
  jug_tilt_prod f008  alpha=0.970
  jug_tilt_prod f009  alpha=0.970
  jug_tilt_prod f010  alpha=0.970
  jug_tilt_prod f011  alpha=0.970
  jug_tilt_prod f012  alpha=0.970
  jug_tilt_prod f013  alpha=0.970
  jug_tilt_prod f014  alpha=0.970
  jug_tilt_prod f015  alpha=0.970
  jug_tilt_prod f016  alpha=0.970
[done] jug_tilt_prod -> /home/ngoncharov/cvpr2026/ReLiFT-6DoF/eval/qual_lift/jug_tilt_prod
  teabox_tilt_prod f000  alpha=0.387
  teabox_tilt_prod f001  alpha=0.417
  teabox_tilt_prod f002  alpha=0.489
  teabox_tilt_prod f003  alpha=0.512
  teabox_tilt_prod f004  alpha=0.517
  teabox_tilt_prod f005  alpha=0.522
  teabox_tilt_prod f006  alpha=0.531
  teabox_tilt_prod f007  alpha=0.539
  teabox_tilt_prod f008  alpha=0.548
  teabox_tilt_prod f009  alpha=0.556
  teabox_tilt_prod f010  alpha=0.565
  teabox_tilt_prod f011  alpha=0.568
  teabox_tilt_prod f012  alpha=0.571
  teabox_tilt_prod f013  alpha=0.575
  teabox_tilt_prod f014  alpha=0.578
[done] teabox_tilt_prod -> /home/ngoncharov/cvpr2026/ReLiFT-6DoF/eval/qual_lift/teabox_tilt_prod
