sequences: ['jug_translation_z_prod', 'shiny_box_tilt_prod', 'teabox_translation_prod']
/usr/local/lib/python3.10/dist-packages/torch/functional.py:505: UserWarning: torch.meshgrid: in an upcoming release, it will be required to pass the indexing argument. (Triggered internally at /pytorch/aten/src/ATen/native/TensorShape.cpp:4381.)
  return _VF.meshgrid(tensors, **kwargs)  # type: ignore[attr-defined]
/home/ngoncharov/cvpr2026/ReLiFT-6DoF/experiments/qual_lift.py:67: MatplotlibDeprecationWarning: The get_cmap function was deprecated in Matplotlib 3.7 and will be removed in 3.11. Use ``matplotlib.colormaps[name]`` or ``matplotlib.colormaps.get_cmap()`` or ``pyplot.get_cmap()`` instead.
  rgb = (cm.get_cmap("turbo")(norm)[..., :3] * 255).astype(np.uint8)
  jug_translation_z_prod f000  alpha=0.970
  jug_translation_z_prod f001  alpha=0.970
  jug_translation_z_prod f002  alpha=0.970
  jug_translation_z_prod f003  alpha=0.970
  jug_translation_z_prod f004  alpha=0.970
  jug_translation_z_prod f005  alpha=0.970
  jug_translation_z_prod f006  alpha=0.970
  jug_translation_z_prod f007  alpha=0.970
  jug_translation_z_prod f008  alpha=0.970
  jug_translation_z_prod f009  alpha=0.970
  jug_translation_z_prod f010  alpha=0.970
  jug_translation_z_prod f011  alpha=0.970
  jug_translation_z_prod f012  alpha=0.970
  jug_translation_z_prod f013  alpha=0.970
  jug_translation_z_prod f014  alpha=0.970
  jug_translation_z_prod f015  alpha=0.970
  jug_translation_z_prod f016  alpha=0.970
  jug_translation_z_prod f017  alpha=0.970
  jug_translation_z_prod f018  alpha=0.970
  jug_translation_z_prod f019  alpha=0.970
[done] jug_translation_z_prod -> /home/ngoncharov/cvpr2026/ReLiFT-6DoF/eval/qual_lift/jug_translation_z_prod
  shiny_box_tilt_prod f000  alpha=0.608
  shiny_box_tilt_prod f001  alpha=0.610
  shiny_box_tilt_prod f002  alpha=0.669
  shiny_box_tilt_prod f003  alpha=0.681
  shiny_box_tilt_prod f004  alpha=0.682
  shiny_box_tilt_prod f005  alpha=0.682
  shiny_box_tilt_prod f006  alpha=0.684
  shiny_box_tilt_prod f007  alpha=0.687
  shiny_box_tilt_prod f008  alpha=0.690
  shiny_box_tilt_prod f009  alpha=0.692
  shiny_box_tilt_prod f010  alpha=0.695
  shiny_box_tilt_prod f011  alpha=0.701
  shiny_box_tilt_prod f012  alpha=0.708
  shiny_box_tilt_prod f013  alpha=0.714
  shiny_box_tilt_prod f014  alpha=0.720
  shiny_box_tilt_prod f015  alpha=0.726
  shiny_box_tilt_prod f016  alpha=0.727
[done] shiny_box_tilt_prod -> /home/ngoncharov/cvpr2026/ReLiFT-6DoF/eval/qual_lift/shiny_box_tilt_prod
  teabox_translation_prod f000  alpha=0.636
  teabox_translation_prod f001  alpha=0.663
  teabox_translation_prod f002  alpha=0.688
  teabox_translation_prod f003  alpha=0.716
  teabox_translation_prod f004  alpha=0.721
  teabox_translation_prod f005  alpha=0.725
  teabox_translation_prod f006  alpha=0.729
  teabox_translation_prod f007  alpha=0.733
  teabox_translation_prod f008  alpha=0.738
  teabox_translation_prod f009  alpha=0.738
  teabox_translation_prod f010  alpha=0.725
  teabox_translation_prod f011  alpha=0.724
  teabox_translation_prod f012  alpha=0.712
  teabox_translation_prod f013  alpha=0.666
  teabox_translation_prod f014  alpha=0.601
  teabox_translation_prod f015  alpha=0.568
  teabox_translation_prod f016  alpha=0.526
  teabox_translation_prod f017  alpha=0.514
  teabox_translation_prod f018  alpha=0.511
  teabox_translation_prod f019  alpha=0.512
[done] teabox_translation_prod -> /home/ngoncharov/cvpr2026/ReLiFT-6DoF/eval/qual_lift/teabox_translation_prod
