sequences: ['box_motion_prod', 'jug_motion_prod', 'jug_tilt_prod', 'jug_translation_z_prod']
/usr/local/lib/python3.10/dist-packages/torch/functional.py:505: UserWarning: torch.meshgrid: in an upcoming release, it will be required to pass the indexing argument. (Triggered internally at /pytorch/aten/src/ATen/native/TensorShape.cpp:4381.)
  return _VF.meshgrid(tensors, **kwargs)  # type: ignore[attr-defined]
  box_motion_prod f000 a=0.30  var_ratio=1.6765  mse=0.008523
  box_motion_prod f000 a=0.40  var_ratio=1.3097  mse=0.004873
  box_motion_prod f000 a=0.50  var_ratio=1.0992  mse=0.002377
  box_motion_prod f000 a=0.60  var_ratio=0.9999  mse=0.001091
  box_motion_prod f000 a=0.70  var_ratio=0.9641  mse=0.000653
  box_motion_prod f000 a=0.80  var_ratio=0.9582  mse=0.000494
  box_motion_prod f000 a=0.90  var_ratio=0.9688  mse=0.000449
  box_motion_prod f000 a=0.95  var_ratio=0.9794  mse=0.000448
  box_motion_prod f009 a=0.30  var_ratio=1.0693  mse=0.002141
  box_motion_prod f009 a=0.40  var_ratio=0.9835  mse=0.001218
  box_motion_prod f009 a=0.50  var_ratio=0.9420  mse=0.000764
  box_motion_prod f009 a=0.60  var_ratio=0.9252  mse=0.000529
  box_motion_prod f009 a=0.70  var_ratio=0.9225  mse=0.000416
  box_motion_prod f009 a=0.80  var_ratio=0.9289  mse=0.000492
  box_motion_prod f009 a=0.90  var_ratio=0.9442  mse=0.000394
  box_motion_prod f009 a=0.95  var_ratio=0.9629  mse=0.000373
  box_motion_prod f019 a=0.30  var_ratio=1.4044  mse=0.013793
  box_motion_prod f019 a=0.40  var_ratio=1.2609  mse=0.010506
  box_motion_prod f019 a=0.50  var_ratio=1.1453  mse=0.008200
  box_motion_prod f019 a=0.60  var_ratio=1.0554  mse=0.006651
  box_motion_prod f019 a=0.70  var_ratio=0.9903  mse=0.005614
  box_motion_prod f019 a=0.80  var_ratio=0.9510  mse=0.004788
  box_motion_prod f019 a=0.90  var_ratio=0.9378  mse=0.003973
  box_motion_prod f019 a=0.95  var_ratio=0.9520  mse=0.003672
[done] box_motion_prod: argmin alpha = 0.8
  jug_motion_prod f000 a=0.30  var_ratio=1.5733  mse=0.024398
  jug_motion_prod f000 a=0.40  var_ratio=1.3230  mse=0.016702
  jug_motion_prod f000 a=0.50  var_ratio=1.1319  mse=0.011092
  jug_motion_prod f000 a=0.60  var_ratio=0.9961  mse=0.007289
  jug_motion_prod f000 a=0.70  var_ratio=0.9153  mse=0.005078
  jug_motion_prod f000 a=0.80  var_ratio=0.8871  mse=0.004270
  jug_motion_prod f000 a=0.90  var_ratio=0.9057  mse=0.003867
  jug_motion_prod f000 a=0.95  var_ratio=0.9370  mse=0.003269
  jug_motion_prod f009 a=0.30  var_ratio=1.7783  mse=0.028255
  jug_motion_prod f009 a=0.40  var_ratio=1.4710  mse=0.019480
  jug_motion_prod f009 a=0.50  var_ratio=1.2314  mse=0.012890
  jug_motion_prod f009 a=0.60  var_ratio=1.0564  mse=0.008231
  jug_motion_prod f009 a=0.70  var_ratio=0.9445  mse=0.005230
  jug_motion_prod f009 a=0.80  var_ratio=0.8952  mse=0.003561
  jug_motion_prod f009 a=0.90  var_ratio=0.9066  mse=0.002728
  jug_motion_prod f009 a=0.95  var_ratio=0.9362  mse=0.002645
  jug_motion_prod f019 a=0.30  var_ratio=1.6495  mse=0.022890
  jug_motion_prod f019 a=0.40  var_ratio=1.3853  mse=0.015752
  jug_motion_prod f019 a=0.50  var_ratio=1.1812  mse=0.010542
  jug_motion_prod f019 a=0.60  var_ratio=1.0310  mse=0.006933
  jug_motion_prod f019 a=0.70  var_ratio=0.9324  mse=0.004637
  jug_motion_prod f019 a=0.80  var_ratio=0.8874  mse=0.003371
  jug_motion_prod f019 a=0.90  var_ratio=0.8994  mse=0.002758
  jug_motion_prod f019 a=0.95  var_ratio=0.9325  mse=0.002449
[done] jug_motion_prod: argmin alpha = 0.8
  jug_tilt_prod f000 a=0.30  var_ratio=3.0678  mse=0.018236
  jug_tilt_prod f000 a=0.40  var_ratio=2.2702  mse=0.012799
  jug_tilt_prod f000 a=0.50  var_ratio=1.6678  mse=0.009371
  jug_tilt_prod f000 a=0.60  var_ratio=1.2482  mse=0.007548
  jug_tilt_prod f000 a=0.70  var_ratio=1.0001  mse=0.006530
  jug_tilt_prod f000 a=0.80  var_ratio=0.9013  mse=0.005050
  jug_tilt_prod f000 a=0.90  var_ratio=0.9091  mse=0.002509
  jug_tilt_prod f000 a=0.95  var_ratio=0.9378  mse=0.002213
  jug_tilt_prod f008 a=0.30  var_ratio=2.3231  mse=0.016746
  jug_tilt_prod f008 a=0.40  var_ratio=1.7448  mse=0.011109
  jug_tilt_prod f008 a=0.50  var_ratio=1.3326  mse=0.007275
  jug_tilt_prod f008 a=0.60  var_ratio=1.0683  mse=0.004716
  jug_tilt_prod f008 a=0.70  var_ratio=0.9299  mse=0.002679
  jug_tilt_prod f008 a=0.80  var_ratio=0.8885  mse=0.001232
  jug_tilt_prod f008 a=0.90  var_ratio=0.9070  mse=0.000957
  jug_tilt_prod f008 a=0.95  var_ratio=0.9374  mse=0.000982
  jug_tilt_prod f016 a=0.30  var_ratio=2.0436  mse=0.015908
  jug_tilt_prod f016 a=0.40  var_ratio=1.5927  mse=0.010574
  jug_tilt_prod f016 a=0.50  var_ratio=1.2617  mse=0.007072
  jug_tilt_prod f016 a=0.60  var_ratio=1.0416  mse=0.004981
  jug_tilt_prod f016 a=0.70  var_ratio=0.9258  mse=0.003763
  jug_tilt_prod f016 a=0.80  var_ratio=0.8917  mse=0.002631
  jug_tilt_prod f016 a=0.90  var_ratio=0.9116  mse=0.001337
  jug_tilt_prod f016 a=0.95  var_ratio=0.9404  mse=0.001221
[done] jug_tilt_prod: argmin alpha = 0.8
  jug_translation_z_prod f000 a=0.30  var_ratio=1.9764  mse=0.002526
  jug_translation_z_prod f000 a=0.40  var_ratio=1.5336  mse=0.001897
  jug_translation_z_prod f000 a=0.50  var_ratio=1.2285  mse=0.001464
  jug_translation_z_prod f000 a=0.60  var_ratio=1.0300  mse=0.001202
  jug_translation_z_prod f000 a=0.70  var_ratio=0.9111  mse=0.001128
  jug_translation_z_prod f000 a=0.80  var_ratio=0.8509  mse=0.001034
  jug_translation_z_prod f000 a=0.90  var_ratio=0.8542  mse=0.000466
  jug_translation_z_prod f000 a=0.95  var_ratio=0.8977  mse=0.000279
  jug_translation_z_prod f009 a=0.30  var_ratio=1.3885  mse=0.001057
  jug_translation_z_prod f009 a=0.40  var_ratio=1.0987  mse=0.000665
  jug_translation_z_prod f009 a=0.50  var_ratio=0.9386  mse=0.000448
  jug_translation_z_prod f009 a=0.60  var_ratio=0.8559  mse=0.000329
  jug_translation_z_prod f009 a=0.70  var_ratio=0.8216  mse=0.000271
  jug_translation_z_prod f009 a=0.80  var_ratio=0.8269  mse=0.000245
  jug_translation_z_prod f009 a=0.90  var_ratio=0.8768  mse=0.000241
  jug_translation_z_prod f009 a=0.95  var_ratio=0.9232  mse=0.000236
  jug_translation_z_prod f019 a=0.30  var_ratio=1.2792  mse=0.002036
  jug_translation_z_prod f019 a=0.40  var_ratio=1.0684  mse=0.001396
  jug_translation_z_prod f019 a=0.50  var_ratio=0.9404  mse=0.001001
  jug_translation_z_prod f019 a=0.60  var_ratio=0.8680  mse=0.000764
  jug_translation_z_prod f019 a=0.70  var_ratio=0.8343  mse=0.000631
  jug_translation_z_prod f019 a=0.80  var_ratio=0.8299  mse=0.000565
  jug_translation_z_prod f019 a=0.90  var_ratio=0.8619  mse=0.000554
  jug_translation_z_prod f019 a=0.95  var_ratio=0.9079  mse=0.000570
[done] jug_translation_z_prod: argmin alpha = 0.8
