sequences: ['shiny_box_tilt_prod', 'teabox_tilt_prod', 'teabox_translation_prod']
/usr/local/lib/python3.10/dist-packages/torch/functional.py:505: UserWarning: torch.meshgrid: in an upcoming release, it will be required to pass the indexing argument. (Triggered internally at /pytorch/aten/src/ATen/native/TensorShape.cpp:4381.)
  return _VF.meshgrid(tensors, **kwargs)  # type: ignore[attr-defined]
  shiny_box_tilt_prod f000 a=0.30  var_ratio=1.1328  mse=0.017372
  shiny_box_tilt_prod f000 a=0.40  var_ratio=1.0395  mse=0.012690
  shiny_box_tilt_prod f000 a=0.50  var_ratio=0.9705  mse=0.009387
  shiny_box_tilt_prod f000 a=0.60  var_ratio=0.9236  mse=0.007206
  shiny_box_tilt_prod f000 a=0.70  var_ratio=0.8973  mse=0.005914
  shiny_box_tilt_prod f000 a=0.80  var_ratio=0.8920  mse=0.005272
  shiny_box_tilt_prod f000 a=0.90  var_ratio=0.9144  mse=0.004969
  shiny_box_tilt_prod f000 a=0.95  var_ratio=0.9466  mse=0.004707
  shiny_box_tilt_prod f008 a=0.30  var_ratio=2.0780  mse=0.034356
  shiny_box_tilt_prod f008 a=0.40  var_ratio=1.6657  mse=0.025590
  shiny_box_tilt_prod f008 a=0.50  var_ratio=1.3447  mse=0.019439
  shiny_box_tilt_prod f008 a=0.60  var_ratio=1.1111  mse=0.015702
  shiny_box_tilt_prod f008 a=0.70  var_ratio=0.9617  mse=0.014063
  shiny_box_tilt_prod f008 a=0.80  var_ratio=0.8960  mse=0.013762
  shiny_box_tilt_prod f008 a=0.90  var_ratio=0.9121  mse=0.011488
  shiny_box_tilt_prod f008 a=0.95  var_ratio=0.9489  mse=0.007191
  shiny_box_tilt_prod f016 a=0.30  var_ratio=2.1483  mse=0.031957
  shiny_box_tilt_prod f016 a=0.40  var_ratio=1.7320  mse=0.023618
  shiny_box_tilt_prod f016 a=0.50  var_ratio=1.4025  mse=0.017700
  shiny_box_tilt_prod f016 a=0.60  var_ratio=1.1573  mse=0.014010
  shiny_box_tilt_prod f016 a=0.70  var_ratio=0.9962  mse=0.012084
  shiny_box_tilt_prod f016 a=0.80  var_ratio=0.9183  mse=0.010657
  shiny_box_tilt_prod f016 a=0.90  var_ratio=0.9165  mse=0.006790
  shiny_box_tilt_prod f016 a=0.95  var_ratio=0.9451  mse=0.004039
[done] shiny_box_tilt_prod: argmin alpha = 0.8
  teabox_tilt_prod f000 a=0.30  var_ratio=1.3729  mse=0.014631
  teabox_tilt_prod f000 a=0.40  var_ratio=1.1956  mse=0.009958
  teabox_tilt_prod f000 a=0.50  var_ratio=1.0648  mse=0.006640
  teabox_tilt_prod f000 a=0.60  var_ratio=0.9752  mse=0.004453
  teabox_tilt_prod f000 a=0.70  var_ratio=0.9228  mse=0.003210
  teabox_tilt_prod f000 a=0.80  var_ratio=0.9046  mse=0.002686
  teabox_tilt_prod f000 a=0.90  var_ratio=0.9182  mse=0.002177
  teabox_tilt_prod f000 a=0.95  var_ratio=0.9429  mse=0.002206
  teabox_tilt_prod f007 a=0.30  var_ratio=1.8488  mse=0.022991
  teabox_tilt_prod f007 a=0.40  var_ratio=1.5163  mse=0.015604
  teabox_tilt_prod f007 a=0.50  var_ratio=1.2615  mse=0.010066
  teabox_tilt_prod f007 a=0.60  var_ratio=1.0796  mse=0.006159
  teabox_tilt_prod f007 a=0.70  var_ratio=0.9663  mse=0.003654
  teabox_tilt_prod f007 a=0.80  var_ratio=0.9160  mse=0.002298
  teabox_tilt_prod f007 a=0.90  var_ratio=0.9205  mse=0.001802
  teabox_tilt_prod f007 a=0.95  var_ratio=0.9454  mse=0.001777
  teabox_tilt_prod f014 a=0.30  var_ratio=2.4501  mse=0.023598
  teabox_tilt_prod f014 a=0.40  var_ratio=1.9261  mse=0.016151
  teabox_tilt_prod f014 a=0.50  var_ratio=1.5182  mse=0.010641
  teabox_tilt_prod f014 a=0.60  var_ratio=1.2210  mse=0.006887
  teabox_tilt_prod f014 a=0.70  var_ratio=1.0306  mse=0.004679
  teabox_tilt_prod f014 a=0.80  var_ratio=0.9400  mse=0.003642
  teabox_tilt_prod f014 a=0.90  var_ratio=0.9293  mse=0.002655
  teabox_tilt_prod f014 a=0.95  var_ratio=0.9500  mse=0.001545
[done] teabox_tilt_prod: argmin alpha = 0.8
  teabox_translation_prod f000 a=0.30  var_ratio=1.3717  mse=0.020508
  teabox_translation_prod f000 a=0.40  var_ratio=1.1979  mse=0.014273
  teabox_translation_prod f000 a=0.50  var_ratio=1.0685  mse=0.009673
  teabox_translation_prod f000 a=0.60  var_ratio=0.9797  mse=0.006463
  teabox_translation_prod f000 a=0.70  var_ratio=0.9265  mse=0.004424
  teabox_translation_prod f000 a=0.80  var_ratio=0.9056  mse=0.003332
  teabox_translation_prod f000 a=0.90  var_ratio=0.9188  mse=0.002959
  teabox_translation_prod f000 a=0.95  var_ratio=0.9458  mse=0.002986
  teabox_translation_prod f009 a=0.30  var_ratio=2.4589  mse=0.022673
  teabox_translation_prod f009 a=0.40  var_ratio=1.9262  mse=0.015191
  teabox_translation_prod f009 a=0.50  var_ratio=1.5152  mse=0.009573
  teabox_translation_prod f009 a=0.60  var_ratio=1.2193  mse=0.005636
  teabox_translation_prod f009 a=0.70  var_ratio=1.0316  mse=0.003154
  teabox_translation_prod f009 a=0.80  var_ratio=0.9439  mse=0.001819
  teabox_translation_prod f009 a=0.90  var_ratio=0.9373  mse=0.001325
  teabox_translation_prod f009 a=0.95  var_ratio=0.9568  mse=0.001172
  teabox_translation_prod f019 a=0.30  var_ratio=1.4412  mse=0.018821
  teabox_translation_prod f019 a=0.40  var_ratio=1.2445  mse=0.012923
  teabox_translation_prod f019 a=0.50  var_ratio=1.0957  mse=0.008633
  teabox_translation_prod f019 a=0.60  var_ratio=0.9911  mse=0.005680
  teabox_translation_prod f019 a=0.70  var_ratio=0.9277  mse=0.003820
  teabox_translation_prod f019 a=0.80  var_ratio=0.9029  mse=0.002819
  teabox_translation_prod f019 a=0.90  var_ratio=0.9144  mse=0.002516
  teabox_translation_prod f019 a=0.95  var_ratio=0.9403  mse=0.002565
[done] teabox_translation_prod: argmin alpha = 0.8
